C51 COMPILER V9.60.7.0   DELAY                                                             04/04/2025 19:45:16 PAGE 1   


C51 COMPILER V9.60.7.0, COMPILATION OF MODULE DELAY
OBJECT MODULE PLACED IN .\Objects\Delay.obj
COMPILER INVOKED BY: D:\Keil_v5\C51\BIN\C51.EXE Delay.c OPTIMIZE(8,SPEED) BROWSE DEBUG OBJECTEXTEND PRINT(.\Listings\Del
                    -ay.lst) OBJECT(.\Objects\Delay.obj)

line level    source

   1          void Delay(unsigned int xms)            //@12.000MHz
   2          {
   3   1              unsigned char i, j;
   4   1      
   5   1              i = 18;
   6   1              j = 235;
   7   1              do
   8   1              {
   9   2                      while (--j);
  10   2              } while (--i);
  11   1      }
*** WARNING C280 IN LINE 1 OF Delay.c: 'xms': unreferenced local variable


MODULE INFORMATION:   STATIC OVERLAYABLE
   CODE SIZE        =     13    ----
   CONSTANT SIZE    =   ----    ----
   XDATA SIZE       =   ----    ----
   PDATA SIZE       =   ----    ----
   DATA SIZE        =   ----       2
   IDATA SIZE       =   ----    ----
   BIT SIZE         =   ----    ----
END OF MODULE INFORMATION.


C51 COMPILATION COMPLETE.  1 WARNING(S),  0 ERROR(S)
